1016 sanity graphs
done atlas0 0.1s
done atlas1 0.1s
done atlas2 0.1s
done atlas3 0.1s
done atlas4 0.1s
done atlas5 0.1s
done atlas6 0.1s
done atlas7 0.1s
done atlas8 0.1s
done atlas9 0.1s
done atlas10 0.1s
done atlas11 0.1s
done atlas12 0.1s
done atlas13 0.1s
done atlas14 0.1s
done atlas15 0.1s
done atlas16 0.1s
done atlas17 0.1s
done atlas18 0.1s
done atlas19 0.1s
done atlas20 0.1s
done atlas21 0.1s
done atlas22 0.1s
done atlas23 0.1s
done atlas24 0.1s
done atlas25 0.1s
done atlas26 0.1s
done atlas27 0.1s
done atlas28 0.1s
done atlas29 0.1s
done atlas30 0.1s
done atlas31 0.1s
done atlas32 0.1s
done atlas33 0.1s
done atlas34 0.1s
done atlas35 0.1s
done atlas36 0.1s
done atlas37 0.1s
done atlas38 0.1s
done atlas39 0.1s
done atlas40 0.1s
done atlas41 0.1s
done atlas42 0.1s
done atlas43 0.1s
done atlas44 0.1s
done atlas45 0.1s
done atlas46 0.1s
done atlas47 0.1s
done atlas48 0.1s
done atlas49 0.1s
done atlas50 0.1s
done atlas51 0.1s
done atlas52 0.1s
done atlas53 0.1s
done atlas54 0.1s
done atlas55 0.1s
done atlas56 0.1s
done atlas57 0.1s
done atlas58 0.1s
done atlas59 0.1s
done atlas60 0.1s
done atlas61 0.1s
done atlas62 0.1s
done atlas63 0.1s
done atlas64 0.1s
done atlas65 0.1s
done atlas66 0.1s
done atlas67 0.1s
done atlas68 0.1s
done atlas69 0.1s
done atlas70 0.1s
done atlas71 0.1s
done atlas72 0.1s
done atlas73 0.1s
done atlas74 0.1s
done atlas75 0.1s
done atlas76 0.1s
done atlas77 0.1s
done atlas78 0.1s
done atlas79 0.1s
done atlas80 0.1s
done atlas81 0.1s
done atlas82 0.1s
done atlas83 0.1s
done atlas84 0.1s
done atlas85 0.1s
done atlas86 0.1s
done atlas87 0.1s
done atlas88 0.2s
done atlas89 0.1s
done atlas90 0.1s
done atlas91 0.1s
done atlas92 0.1s
done atlas93 0.1s
done atlas94 0.1s
done atlas95 0.1s
done atlas96 0.1s
done atlas97 0.1s
done atlas98 0.1s
done atlas99 0.1s
done atlas100 0.1s
done atlas101 0.1s
done atlas102 0.1s
done atlas103 0.1s
done atlas104 0.1s
done atlas105 0.1s
done atlas106 0.1s
done atlas107 0.1s
done atlas108 0.1s
done atlas109 0.1s
done atlas110 0.1s
done atlas111 0.1s
done atlas112 0.1s
done atlas113 0.1s
done atlas114 0.1s
done atlas115 0.1s
done atlas116 0.1s
done atlas117 0.1s
done atlas118 0.1s
done atlas119 0.1s
done atlas120 0.1s
done atlas121 0.1s
done atlas122 0.1s
done atlas123 0.1s
done atlas124 0.1s
done atlas125 0.1s
done atlas126 0.1s
done atlas127 0.1s
done atlas128 0.1s
done atlas129 0.1s
done atlas130 0.1s
done atlas131 0.1s
done atlas132 0.1s
done atlas133 0.1s
done atlas134 0.1s
done atlas135 0.1s
done atlas136 0.1s
done atlas137 0.1s
done atlas138 0.1s
done atlas139 0.1s
done atlas140 0.1s
done atlas141 0.1s
done atlas142 0.1s
done atlas143 0.1s
done atlas144 0.1s
done atlas145 0.1s
done atlas146 0.1s
done atlas147 0.1s
done atlas148 0.1s
done atlas149 0.1s
done atlas150 0.1s
done atlas151 0.1s
done atlas152 0.1s
done atlas153 0.1s
done atlas154 0.1s
done atlas155 0.1s
done atlas156 0.1s
done atlas157 0.1s
done atlas158 0.1s
done atlas159 0.1s
done atlas160 0.1s
done atlas161 0.1s
done atlas162 0.1s
done atlas163 0.1s
done atlas164 0.1s
done atlas165 0.1s
done atlas166 0.1s
done atlas167 0.1s
done atlas168 0.1s
done atlas169 0.1s
done atlas170 0.1s
done atlas171 0.1s
done atlas172 0.1s
done atlas173 0.1s
done atlas174 0.1s
done atlas175 0.1s
done atlas176 0.1s
done atlas177 0.1s
done atlas178 0.1s
done atlas179 0.1s
done atlas180 0.1s
done atlas181 0.1s
done atlas182 0.1s
done atlas183 0.1s
done atlas184 0.1s
done atlas185 0.1s
done atlas186 0.1s
done atlas187 0.1s
done atlas188 0.1s
done atlas189 0.1s
done atlas190 0.1s
done atlas191 0.1s
done atlas192 0.1s
done atlas193 0.1s
done atlas194 0.1s
done atlas195 0.1s
done atlas196 0.1s
done atlas197 0.1s
done atlas198 0.1s
done atlas199 0.1s
done atlas200 0.1s
done atlas201 0.1s
done atlas202 0.1s
done atlas203 0.1s
done atlas204 0.1s
done atlas205 0.1s
done atlas206 0.1s
done atlas207 0.1s
done atlas208 0.1s
done atlas209 0.1s
done atlas210 0.1s
done atlas211 0.1s
done atlas212 0.1s
done atlas213 0.1s
done atlas214 0.1s
done atlas215 0.1s
done atlas216 0.1s
done atlas217 0.1s
done atlas218 0.1s
done atlas219 0.1s
done atlas220 0.1s
done atlas221 0.1s
done atlas222 0.1s
done atlas223 0.1s
done atlas224 0.1s
done atlas225 0.1s
done atlas226 0.1s
done atlas227 0.1s
done atlas228 0.1s
done atlas229 0.1s
done atlas230 0.1s
done atlas231 0.1s
done atlas232 0.1s
done atlas233 0.1s
done atlas234 0.1s
done atlas235 0.1s
done atlas236 0.1s
done atlas237 0.1s
done atlas238 0.1s
done atlas239 0.1s
done atlas240 0.1s
done atlas241 0.1s
done atlas242 0.1s
done atlas243 0.1s
done atlas244 0.1s
done atlas245 0.1s
done atlas246 0.1s
done atlas247 0.1s
done atlas248 0.1s
done atlas249 0.1s
done atlas250 0.1s
done atlas251 0.1s
done atlas252 0.1s
done atlas253 0.1s
done atlas254 0.1s
done atlas255 0.1s
done atlas256 0.1s
done atlas257 0.1s
done atlas258 0.1s
done atlas259 0.1s
done atlas260 0.1s
done atlas261 0.1s
done atlas262 0.1s
done atlas263 0.1s
done atlas264 0.1s
done atlas265 0.1s
done atlas266 0.1s
done atlas267 0.1s
done atlas268 0.1s
done atlas269 0.1s
done atlas270 0.1s
done atlas271 0.1s
done atlas272 0.1s
done atlas273 0.1s
done atlas274 0.1s
done atlas275 0.1s
done atlas276 0.1s
done atlas277 0.1s
done atlas278 0.1s
done atlas279 0.1s
done atlas280 0.1s
done atlas281 0.1s
done atlas282 0.1s
done atlas283 0.1s
done atlas284 0.1s
done atlas285 0.1s
done atlas286 0.1s
done atlas287 0.1s
done atlas288 0.1s
done atlas289 0.1s
done atlas290 0.1s
done atlas291 0.1s
done atlas292 0.1s
done atlas293 0.1s
done atlas294 0.1s
done atlas295 0.1s
done atlas296 0.1s
done atlas297 0.1s
done atlas298 0.1s
done atlas299 0.1s
done atlas300 0.1s
done atlas301 0.1s
done atlas302 0.1s
done atlas303 0.1s
done atlas304 0.1s
done atlas305 0.1s
done atlas306 0.1s
done atlas307 0.1s
done atlas308 0.1s
done atlas309 0.1s
done atlas310 0.1s
done atlas311 0.1s
done atlas312 0.1s
done atlas313 0.1s
done atlas314 0.1s
done atlas315 0.1s
done atlas316 0.1s
done atlas317 0.1s
done atlas318 0.1s
done atlas319 0.1s
done atlas320 0.1s
done atlas321 0.1s
done atlas322 0.1s
done atlas323 0.1s
done atlas324 0.1s
done atlas325 0.1s
done atlas326 0.1s
done atlas327 0.1s
done atlas328 0.1s
done atlas329 0.1s
done atlas330 0.1s
done atlas331 0.1s
done atlas332 0.1s
done atlas333 0.1s
done atlas334 0.1s
done atlas335 0.1s
done atlas336 0.1s
done atlas337 0.1s
done atlas338 0.1s
done atlas339 0.1s
done atlas340 0.1s
done atlas341 0.1s
done atlas342 0.1s
done atlas343 0.1s
done atlas344 0.1s
done atlas345 0.1s
done atlas346 0.1s
done atlas347 0.1s
done atlas348 0.1s
done atlas349 0.1s
done atlas350 0.1s
done atlas351 0.1s
done atlas352 0.1s
done atlas353 0.1s
done atlas354 0.1s
done atlas355 0.2s
done atlas356 0.1s
done atlas357 0.1s
done atlas358 0.1s
done atlas359 0.1s
done atlas360 0.1s
done atlas361 0.1s
done atlas362 0.1s
done atlas363 0.1s
done atlas364 0.1s
done atlas365 0.1s
done atlas366 0.1s
done atlas367 0.1s
done atlas368 0.1s
done atlas369 0.1s
done atlas370 0.1s
done atlas371 0.1s
done atlas372 0.1s
done atlas373 0.1s
done atlas374 0.1s
done atlas375 0.1s
done atlas376 0.1s
done atlas377 0.1s
done atlas378 0.1s
done atlas379 0.1s
done atlas380 0.1s
done atlas381 0.1s
done atlas382 0.1s
done atlas383 0.1s
done atlas384 0.1s
done atlas385 0.1s
done atlas386 0.1s
done atlas387 0.1s
done atlas388 0.1s
done atlas389 0.1s
done atlas390 0.1s
done atlas391 0.1s
done atlas392 0.1s
done atlas393 0.1s
done atlas394 0.1s
done atlas395 0.1s
done atlas396 0.1s
done atlas397 0.1s
done atlas398 0.1s
done atlas399 0.1s
done atlas400 0.1s
done atlas401 0.1s
done atlas402 0.1s
done atlas403 0.1s
done atlas404 0.1s
done atlas405 0.1s
done atlas406 0.1s
done atlas407 0.1s
done atlas408 0.1s
done atlas409 0.1s
done atlas410 0.1s
done atlas411 0.1s
done atlas412 0.1s
done atlas413 0.1s
done atlas414 0.1s
done atlas415 0.1s
done atlas416 0.1s
done atlas417 0.1s
done atlas418 0.1s
done atlas419 0.1s
done atlas420 0.1s
done atlas421 0.1s
done atlas422 0.1s
done atlas423 0.1s
done atlas424 0.1s
done atlas425 0.1s
done atlas426 0.1s
done atlas427 0.1s
done atlas428 0.1s
done atlas429 0.1s
done atlas430 0.1s
done atlas431 0.1s
done atlas432 0.1s
done atlas433 0.1s
done atlas434 0.1s
done atlas435 0.1s
done atlas436 0.1s
done atlas437 0.1s
done atlas438 0.1s
done atlas439 0.1s
done atlas440 0.1s
done atlas441 0.1s
done atlas442 0.1s
done atlas443 0.1s
done atlas444 0.1s
done atlas445 0.1s
done atlas446 0.1s
done atlas447 0.1s
done atlas448 0.1s
done atlas449 0.1s
done atlas450 0.1s
done atlas451 0.1s
done atlas452 0.1s
done atlas453 0.1s
done atlas454 0.1s
done atlas455 0.1s
done atlas456 0.1s
done atlas457 0.1s
done atlas458 0.1s
done atlas459 0.1s
done atlas460 0.1s
done atlas461 0.1s
done atlas462 0.1s
done atlas463 0.1s
done atlas464 0.1s
done atlas465 0.1s
done atlas466 0.1s
done atlas467 0.1s
done atlas468 0.1s
done atlas469 0.1s
done atlas470 0.1s
done atlas471 0.1s
done atlas472 0.1s
done atlas473 0.1s
done atlas474 0.1s
done atlas475 0.1s
done atlas476 0.1s
done atlas477 0.1s
done atlas478 0.1s
done atlas479 0.1s
done atlas480 0.1s
done atlas481 0.1s
done atlas482 0.1s
done atlas483 0.1s
done atlas484 0.1s
done atlas485 0.1s
done atlas486 0.1s
done atlas487 0.1s
done atlas488 0.1s
done atlas489 0.1s
done atlas490 0.1s
done atlas491 0.2s
done atlas492 0.1s
done atlas493 0.1s
done atlas494 0.1s
done atlas495 0.1s
done atlas496 0.1s
done atlas497 0.1s
done atlas498 0.1s
done atlas499 0.1s
done atlas500 0.1s
done atlas501 0.1s
done atlas502 0.1s
done atlas503 0.1s
done atlas504 0.1s
done atlas505 0.1s
done atlas506 0.1s
done atlas507 0.1s
done atlas508 0.1s
done atlas509 0.1s
done atlas510 0.1s
done atlas511 0.1s
done atlas512 0.1s
done atlas513 0.1s
done atlas514 0.1s
done atlas515 0.1s
done atlas516 0.1s
done atlas517 0.1s
done atlas518 0.1s
done atlas519 0.1s
done atlas520 0.1s
done atlas521 0.1s
done atlas522 0.2s
done atlas523 0.1s
done atlas524 0.1s
done atlas525 0.1s
done atlas526 0.1s
done atlas527 0.1s
done atlas528 0.1s
done atlas529 0.1s
done atlas530 0.1s
done atlas531 0.1s
done atlas532 0.1s
done atlas533 0.1s
done atlas534 0.1s
done atlas535 0.1s
done atlas536 0.1s
done atlas537 0.1s
done atlas538 0.1s
done atlas539 0.1s
done atlas540 0.1s
done atlas541 0.1s
done atlas542 0.1s
done atlas543 0.1s
done atlas544 0.1s
done atlas545 0.1s
done atlas546 0.1s
done atlas547 0.1s
done atlas548 0.1s
done atlas549 0.1s
done atlas550 0.1s
done atlas551 0.1s
done atlas552 0.1s
done atlas553 0.1s
done atlas554 0.1s
done atlas555 0.1s
done atlas556 0.1s
done atlas557 0.1s
done atlas558 0.1s
done atlas559 0.1s
done atlas560 0.1s
done atlas561 0.1s
done atlas562 0.2s
done atlas563 0.1s
done atlas564 0.1s
done atlas565 0.1s
done atlas566 0.1s
done atlas567 0.1s
done atlas568 0.1s
done atlas569 0.1s
done atlas570 0.1s
done atlas571 0.1s
done atlas572 0.1s
done atlas573 0.1s
done atlas574 0.1s
done atlas575 0.1s
done atlas576 0.1s
done atlas577 0.1s
done atlas578 0.1s
done atlas579 0.1s
done atlas580 0.1s
done atlas581 0.1s
done atlas582 0.1s
done atlas583 0.1s
done atlas584 0.1s
done atlas585 0.1s
done atlas586 0.1s
done atlas587 0.1s
done atlas588 0.1s
done atlas589 0.2s
done atlas590 0.1s
done atlas591 0.1s
done atlas592 0.2s
done atlas593 0.1s
done atlas594 0.1s
done atlas595 0.1s
done atlas596 0.1s
done atlas597 0.1s
done atlas598 0.1s
done atlas599 0.1s
done atlas600 0.1s
done atlas601 0.2s
done atlas602 0.1s
done atlas603 0.1s
done atlas604 0.1s
done atlas605 0.1s
done atlas606 0.1s
done atlas607 0.1s
done atlas608 0.2s
done atlas609 0.1s
done atlas610 0.1s
done atlas611 0.1s
done atlas612 0.2s
done atlas613 0.1s
done atlas614 0.2s
done atlas615 0.1s
done atlas616 0.1s
done atlas617 0.2s
done atlas618 0.1s
done atlas619 0.1s
done atlas620 0.1s
done atlas621 0.1s
done atlas622 0.1s
done atlas623 0.1s
done atlas624 0.1s
done atlas625 0.1s
done atlas626 0.1s
done atlas627 0.1s
done atlas628 0.1s
done atlas629 0.1s
done atlas630 0.1s
done atlas631 0.1s
done atlas632 0.1s
done atlas633 0.1s
done atlas634 0.1s
done atlas635 0.1s
done atlas636 0.1s
done atlas637 0.1s
done atlas638 0.1s
done atlas639 0.2s
done atlas640 0.1s
done atlas641 0.1s
done atlas642 0.1s
done atlas643 0.1s
done atlas644 0.1s
done atlas645 0.1s
done atlas646 0.1s
done atlas647 0.1s
done atlas648 0.1s
done atlas649 0.1s
done atlas650 0.1s
done atlas651 0.1s
done atlas652 0.1s
done atlas653 0.1s
done atlas654 0.1s
done atlas655 0.1s
done atlas656 0.1s
done atlas657 0.1s
done atlas658 0.1s
done atlas659 0.1s
done atlas660 0.1s
done atlas661 0.1s
done atlas662 0.1s
done atlas663 0.1s
done atlas664 0.1s
done atlas665 0.1s
done atlas666 0.1s
done atlas667 0.1s
done atlas668 0.1s
done atlas669 0.1s
done atlas670 0.1s
done atlas671 0.1s
done atlas672 0.1s
done atlas673 0.1s
done atlas674 0.1s
done atlas675 0.1s
done atlas676 0.1s
done atlas677 0.1s
done atlas678 0.1s
done atlas679 0.1s
done atlas680 0.1s
done atlas681 0.1s
done atlas682 0.1s
done atlas683 0.1s
done atlas684 0.1s
done atlas685 0.1s
done atlas686 0.1s
done atlas687 0.1s
done atlas688 0.1s
done atlas689 0.1s
done atlas690 0.1s
done atlas691 0.1s
done atlas692 0.3s
done atlas693 0.1s
done atlas694 0.1s
done atlas695 0.2s
done atlas696 0.1s
done atlas697 0.1s
done atlas698 0.1s
done atlas699 0.1s
done atlas700 0.1s
done atlas701 0.1s
done atlas702 0.1s
done atlas703 0.1s
done atlas704 0.1s
done atlas705 0.1s
done atlas706 0.1s
done atlas707 0.1s
done atlas708 0.1s
done atlas709 0.1s
done atlas710 0.1s
done atlas711 0.1s
done atlas712 0.1s
done atlas713 0.1s
done atlas714 0.1s
done atlas715 0.1s
done atlas716 0.1s
done atlas717 0.1s
done atlas718 0.1s
done atlas719 0.1s
done atlas720 0.1s
done atlas721 0.1s
done atlas722 0.1s
done atlas723 0.1s
done atlas724 0.1s
done atlas725 0.1s
done atlas726 0.1s
done atlas727 0.1s
done atlas728 0.1s
done atlas729 0.1s
done atlas730 0.2s
done atlas731 0.1s
done atlas732 0.1s
done atlas733 0.1s
done atlas734 0.1s
done atlas735 0.1s
done atlas736 0.1s
done atlas737 0.2s
done atlas738 0.1s
done atlas739 0.1s
done atlas740 0.1s
done atlas741 0.1s
done atlas742 0.1s
done atlas743 0.1s
done atlas744 0.1s
done atlas745 0.1s
done atlas746 0.1s
done atlas747 0.1s
done atlas748 0.1s
done atlas749 0.2s
done atlas750 0.1s
done atlas751 0.2s
done atlas752 0.1s
done atlas753 0.1s
done atlas754 0.1s
done atlas755 0.1s
done atlas756 0.1s
done atlas757 0.1s
done atlas758 0.1s
done atlas759 0.1s
done atlas760 0.1s
done atlas761 0.1s
done atlas762 0.1s
done atlas763 0.1s
done atlas764 0.1s
done atlas765 0.1s
done atlas766 0.1s
done atlas767 0.1s
done atlas768 0.1s
done atlas769 0.1s
done atlas770 0.1s
done atlas771 0.1s
done atlas772 0.1s
done atlas773 0.1s
done atlas774 0.1s
done atlas775 0.1s
done atlas776 0.1s
done atlas777 0.1s
done atlas778 0.1s
done atlas779 0.1s
done atlas780 0.1s
done atlas781 0.1s
done atlas782 0.1s
done atlas783 0.1s
done atlas784 0.1s
done atlas785 0.1s
done atlas786 0.1s
done atlas787 0.1s
done atlas788 0.1s
done atlas789 0.1s
done atlas790 0.1s
done atlas791 0.1s
done atlas792 0.1s
done atlas793 0.1s
done atlas794 0.1s
done atlas795 0.1s
done atlas796 0.1s
done atlas797 0.1s
done atlas798 0.1s
done atlas799 0.1s
done atlas800 0.1s
done atlas801 0.1s
done atlas802 0.1s
done atlas803 0.1s
done atlas804 0.1s
done atlas805 0.1s
done atlas806 0.1s
done atlas807 0.1s
done atlas808 0.1s
done atlas809 0.1s
done atlas810 0.1s
done atlas811 0.1s
done atlas812 0.1s
done atlas813 0.1s
done atlas814 0.1s
done atlas815 0.1s
done atlas816 0.1s
done atlas817 0.1s
done atlas818 0.1s
done atlas819 0.4s
done atlas820 0.1s
done atlas821 0.1s
done atlas822 0.1s
done atlas823 0.1s
done atlas824 0.1s
done atlas825 0.1s
done atlas826 0.1s
done atlas827 0.1s
done atlas828 0.1s
done atlas829 0.1s
done atlas830 0.1s
done atlas831 0.1s
done atlas832 0.1s
done atlas833 0.1s
done atlas834 0.1s
done atlas835 0.1s
done atlas836 0.1s
done atlas837 0.1s
done atlas838 0.1s
done atlas839 0.1s
done atlas840 0.1s
done atlas841 0.1s
done atlas842 0.1s
done atlas843 0.1s
done atlas844 0.1s
done atlas845 0.4s
done atlas846 0.1s
done atlas847 0.4s
done atlas848 0.1s
done atlas849 0.1s
done atlas850 0.1s
done atlas851 0.1s
done atlas852 0.1s
done atlas853 0.1s
done atlas854 0.1s
done atlas855 0.1s
done atlas856 0.1s
done atlas857 0.1s
done atlas858 0.1s
done atlas859 0.1s
done atlas860 0.1s
done atlas861 0.1s
done atlas862 0.1s
done atlas863 0.1s
done atlas864 0.1s
done atlas865 0.1s
done atlas866 0.1s
done atlas867 0.1s
done atlas868 0.1s
done atlas869 0.1s
done atlas870 0.1s
done atlas871 0.1s
done atlas872 0.1s
done atlas873 0.1s
done atlas874 0.1s
done atlas875 0.1s
done atlas876 0.1s
done atlas877 0.1s
done atlas878 0.1s
done atlas879 0.1s
done atlas880 0.1s
done atlas881 0.1s
done atlas882 0.1s
done atlas883 0.1s
done atlas884 0.1s
done atlas885 0.1s
done atlas886 0.1s
done atlas887 0.1s
done atlas888 0.1s
done atlas889 0.1s
done atlas890 0.1s
done atlas891 0.1s
done atlas892 0.1s
done atlas893 0.1s
done atlas894 0.1s
done atlas895 0.1s
done atlas896 0.1s
done atlas897 0.1s
done atlas898 0.1s
done atlas899 0.1s
done atlas900 0.1s
done atlas901 0.1s
done atlas902 0.1s
done atlas903 0.1s
done atlas904 0.1s
done atlas905 0.1s
done atlas906 0.1s
done atlas907 0.1s
done atlas908 0.1s
done atlas909 0.1s
done atlas910 0.1s
done atlas911 0.1s
done atlas912 0.1s
done atlas913 0.1s
done atlas914 0.1s
done atlas915 0.1s
done atlas916 0.1s
done atlas917 0.1s
done atlas918 0.1s
done atlas919 0.1s
done atlas920 0.1s
done atlas921 0.2s
done atlas922 0.1s
done atlas923 0.1s
done atlas924 0.1s
done atlas925 0.1s
done atlas926 0.1s
done atlas927 0.1s
done atlas928 0.1s
done atlas929 0.1s
done atlas930 0.1s
done atlas931 0.1s
done atlas932 0.1s
done atlas933 0.1s
done atlas934 0.1s
done atlas935 0.1s
done atlas936 0.1s
done atlas937 0.1s
done atlas938 0.1s
done atlas939 0.1s
done atlas940 0.2s
done atlas941 0.1s
done atlas942 0.1s
done atlas943 0.1s
done atlas944 0.1s
done atlas945 0.1s
done atlas946 0.1s
done atlas947 0.1s
done atlas948 0.1s
done atlas949 0.1s
done atlas950 0.1s
done atlas951 0.1s
done atlas952 0.1s
done atlas953 0.2s
done atlas954 0.2s
done atlas955 0.1s
done atlas956 0.1s
done atlas957 0.1s
done atlas958 0.1s
done atlas959 0.1s
done atlas960 0.1s
done atlas961 0.1s
done atlas962 0.1s
done atlas963 0.1s
done atlas964 0.1s
done atlas965 0.1s
done atlas966 0.1s
done atlas967 0.1s
done atlas968 0.1s
done atlas969 0.1s
done atlas970 0.1s
done atlas971 0.1s
done atlas972 0.1s
done atlas973 0.1s
done atlas974 0.1s
done atlas975 0.1s
done atlas976 0.1s
done atlas977 0.1s
done atlas978 0.1s
done atlas979 0.1s
done atlas980 0.1s
done atlas981 0.1s
done atlas982 0.1s
done atlas983 0.1s
done atlas984 0.1s
done atlas985 0.1s
done atlas986 0.1s
done atlas987 0.1s
done atlas988 0.1s
done atlas989 0.1s
done atlas990 0.1s
done atlas991 0.1s
done atlas992 0.1s
done atlas993 0.2s
done atlas994 0.1s
done C5 0.1s
done C6 0.1s
done C7 0.1s
done C8 0.1s
done C9 0.1s
done P7 0.1s
done Petersen 0.1s
done K3,3 0.1s
done K7 0.1s
done K1,3 0.1s
done K1,4 0.1s
done K1,5 0.1s
done K1,6 0.1s
done K1,7 0.1s
done K2,3 0.1s
done K2,4 0.1s
done K(2,2) 0.1s
done K(2,2,2) 0.1s
done K(3,3)mp 0.1s
done C5[K2] 0.5s
done C5[K3] 1.3s
