220 open entries; 50 arsenal contexts
[1/220] id=100 -> HOLDS (vio=0, hold=50, br=0, pf=0, un=0)
[2/220] id=103 -> HOLDS_PARTIAL (vio=0, hold=30, br=0, pf=0, un=20)
[3/220] id=108 -> HOLDS_PARTIAL (vio=0, hold=43, br=0, pf=0, un=7)
[4/220] id=111 -> VIOLATED_CANDIDATE (vio=116, hold=84, br=0, pf=0, un=0)
[5/220] id=133 -> HOLDS_PARTIAL (vio=0, hold=40, br=0, pf=0, un=10)
[6/220] id=141 -> HOLDS_PARTIAL (vio=0, hold=49, br=0, pf=0, un=1)
[7/220] id=142 -> BRACKET (vio=0, hold=84, br=14, pf=0, un=2)
[8/220] id=144 -> BRACKET (vio=0, hold=90, br=8, pf=0, un=2)
[9/220] id=145 -> BRACKET (vio=0, hold=79, br=7, pf=0, un=0)
[10/220] id=146 -> BRACKET (vio=0, hold=86, br=14, pf=0, un=0)
[11/220] id=154 -> HOLDS (vio=0, hold=50, br=0, pf=0, un=0)
[12/220] id=155 -> HOLDS (vio=0, hold=50, br=0, pf=0, un=0)
[13/220] id=157 -> HOLDS (vio=0, hold=50, br=0, pf=0, un=0)
[14/220] id=160 -> HOLDS (vio=0, hold=50, br=0, pf=0, un=0)
[15/220] id=161 -> HOLDS (vio=0, hold=50, br=0, pf=0, un=0)
[16/220] id=162 -> HOLDS (vio=0, hold=50, br=0, pf=0, un=0)
[17/220] id=165 -> HOLDS (vio=0, hold=50, br=0, pf=0, un=0)
[18/220] id=166 -> HOLDS (vio=0, hold=50, br=0, pf=0, un=0)
[19/220] id=169 -> HOLDS (vio=0, hold=50, br=0, pf=0, un=0)
[20/220] id=171 -> HOLDS (vio=0, hold=50, br=0, pf=0, un=0)
[21/220] id=172 -> HOLDS (vio=0, hold=100, br=0, pf=0, un=0)
[22/220] id=174 -> BRACKET (vio=0, hold=45, br=4, pf=0, un=1)
[23/220] id=176 -> BRACKET (vio=0, hold=46, br=3, pf=0, un=1)
[24/220] id=177 -> HOLDS_PARTIAL (vio=0, hold=49, br=0, pf=0, un=1)
[25/220] id=178 -> HOLDS_PARTIAL (vio=0, hold=49, br=0, pf=0, un=1)
[26/220] id=179 -> HOLDS_PARTIAL (vio=0, hold=49, br=0, pf=0, un=1)
[27/220] id=180 -> BRACKET (vio=0, hold=48, br=1, pf=0, un=1)
[28/220] id=181 -> BRACKET (vio=0, hold=47, br=2, pf=0, un=1)
[29/220] id=182 -> BRACKET (vio=0, hold=46, br=3, pf=0, un=1)
[30/220] id=183 -> BRACKET (vio=0, hold=46, br=3, pf=0, un=1)
[31/220] id=184 -> BRACKET (vio=0, hold=93, br=5, pf=0, un=2)
[32/220] id=185 -> BRACKET (vio=0, hold=46, br=3, pf=0, un=1)
[33/220] id=186 -> HOLDS_PARTIAL (vio=0, hold=98, br=0, pf=0, un=2)
[34/220] id=189 -> HOLDS (vio=0, hold=35, br=0, pf=15, un=0)
[35/220] id=19 -> HOLDS_PARTIAL (vio=0, hold=60, br=0, pf=0, un=40)
[36/220] id=190 -> HOLDS (vio=0, hold=33, br=0, pf=17, un=0)
[37/220] id=194 -> BRACKET (vio=0, hold=34, br=1, pf=15, un=0)
[38/220] id=198a -> BRACKET (vio=0, hold=8, br=20, pf=22, un=0)
[39/220] id=199 -> BRACKET (vio=0, hold=42, br=8, pf=0, un=0)
[40/220] id=2 -> BRACKET (vio=0, hold=148, br=2, pf=0, un=0)
[41/220] id=200 -> BRACKET (vio=0, hold=21, br=7, pf=22, un=0)
[42/220] id=209 -> HOLDS (vio=0, hold=17, br=0, pf=33, un=0)
[43/220] id=213 -> HOLDS (vio=0, hold=16, br=0, pf=34, un=0)
[44/220] id=217 -> BRACKET (vio=0, hold=48, br=2, pf=0, un=0)
[45/220] id=232 -> BRACKET (vio=0, hold=0, br=100, pf=0, un=0)
[46/220] id=233 -> BRACKET (vio=0, hold=0, br=100, pf=0, un=0)
[47/220] id=235 -> VIOLATED_CANDIDATE (vio=3, hold=0, br=97, pf=0, un=0)
[48/220] id=241 -> BRACKET (vio=0, hold=0, br=50, pf=0, un=0)
[49/220] id=242 -> BRACKET (vio=0, hold=0, br=50, pf=0, un=0)
[50/220] id=247 -> BRACKET (vio=0, hold=0, br=48, pf=0, un=2)
[51/220] id=252 -> VIOLATED_CANDIDATE (vio=48, hold=0, br=2, pf=0, un=0)
[52/220] id=253 -> VIOLATED_CANDIDATE (vio=49, hold=0, br=1, pf=0, un=0)
[53/220] id=255 -> VIOLATED_CANDIDATE (vio=12, hold=0, br=38, pf=0, un=0)
[54/220] id=256 -> VIOLATED_CANDIDATE (vio=18, hold=0, br=32, pf=0, un=0)
[55/220] id=258 -> BRACKET (vio=0, hold=0, br=1, pf=0, un=49)
[56/220] id=259 -> BRACKET (vio=0, hold=0, br=1, pf=0, un=49)
[57/220] id=260 -> BRACKET (vio=0, hold=0, br=1, pf=0, un=49)
[58/220] id=261 -> BRACKET (vio=0, hold=0, br=1, pf=0, un=49)
[59/220] id=267 -> BRACKET (vio=0, hold=0, br=57, pf=0, un=43)
[60/220] id=268 -> BRACKET (vio=0, hold=0, br=50, pf=0, un=0)
[61/220] id=269 -> VIOLATED_CANDIDATE (vio=9, hold=0, br=41, pf=0, un=0)
[62/220] id=271 -> BRACKET (vio=0, hold=0, br=50, pf=0, un=0)
[63/220] id=281 -> HOLDS (vio=0, hold=50, br=0, pf=0, un=0)
[64/220] id=287 -> HOLDS (vio=0, hold=50, br=0, pf=0, un=0)
[65/220] id=290 -> HOLDS (vio=0, hold=50, br=0, pf=0, un=0)
[66/220] id=291 -> BRACKET (vio=0, hold=99, br=1, pf=0, un=0)
[67/220] id=298 -> HOLDS (vio=0, hold=50, br=0, pf=0, un=0)
[68/220] id=299 -> HOLDS (vio=0, hold=50, br=0, pf=0, un=0)
[69/220] id=300 -> HOLDS (vio=0, hold=50, br=0, pf=0, un=0)
[70/220] id=302 -> HOLDS (vio=0, hold=50, br=0, pf=0, un=0)
[71/220] id=304 -> BRACKET (vio=0, hold=49, br=1, pf=0, un=0)
[72/220] id=305 -> BRACKET (vio=0, hold=34, br=16, pf=0, un=0)
[73/220] id=308 -> BRACKET (vio=0, hold=49, br=1, pf=0, un=0)
[74/220] id=309 -> BRACKET (vio=0, hold=7, br=43, pf=0, un=0)
[75/220] id=310 -> HOLDS (vio=0, hold=50, br=0, pf=0, un=0)
[76/220] id=314 -> BRACKET (vio=0, hold=0, br=10, pf=40, un=0)
[77/220] id=316 -> BRACKET (vio=0, hold=0, br=1, pf=49, un=0)
[78/220] id=317 -> BRACKET (vio=0, hold=0, br=12, pf=38, un=0)
[79/220] id=318 -> BRACKET (vio=0, hold=0, br=3, pf=47, un=0)
[80/220] id=319 -> BRACKET (vio=0, hold=0, br=7, pf=43, un=0)
[81/220] id=320 -> BRACKET (vio=0, hold=0, br=1, pf=49, un=0)
[82/220] id=321 -> BRACKET (vio=0, hold=0, br=4, pf=46, un=0)
[83/220] id=322 -> BRACKET (vio=0, hold=0, br=16, pf=34, un=0)
[84/220] id=323 -> BRACKET (vio=0, hold=0, br=5, pf=45, un=0)
[85/220] id=324 -> BRACKET (vio=0, hold=0, br=32, pf=68, un=0)
[86/220] id=325 -> BRACKET (vio=0, hold=0, br=16, pf=34, un=0)
[87/220] id=326 -> PREMISE_FALSE_EVERYWHERE (vio=0, hold=0, br=0, pf=50, un=0)
[88/220] id=328 -> PREMISE_FALSE_EVERYWHERE (vio=0, hold=0, br=0, pf=50, un=0)
[89/220] id=340 -> PREMISE_FALSE_EVERYWHERE (vio=0, hold=0, br=0, pf=50, un=0)
[90/220] id=341 -> PREMISE_FALSE_EVERYWHERE (vio=0, hold=0, br=0, pf=50, un=0)
[91/220] id=342 -> PREMISE_FALSE_EVERYWHERE (vio=0, hold=0, br=0, pf=50, un=0)
[92/220] id=343 -> PREMISE_FALSE_EVERYWHERE (vio=0, hold=0, br=0, pf=50, un=0)
[93/220] id=344 -> PREMISE_FALSE_EVERYWHERE (vio=0, hold=0, br=0, pf=50, un=0)
[94/220] id=348 -> PREMISE_FALSE_EVERYWHERE (vio=0, hold=0, br=0, pf=50, un=0)
[95/220] id=351 -> PREMISE_FALSE_EVERYWHERE (vio=0, hold=0, br=0, pf=50, un=0)
[96/220] id=352 -> PREMISE_FALSE_EVERYWHERE (vio=0, hold=0, br=0, pf=50, un=0)
[97/220] id=353 -> PREMISE_FALSE_EVERYWHERE (vio=0, hold=0, br=0, pf=50, un=0)
[98/220] id=354 -> PREMISE_FALSE_EVERYWHERE (vio=0, hold=0, br=0, pf=50, un=0)
[99/220] id=356 -> PREMISE_FALSE_EVERYWHERE (vio=0, hold=0, br=0, pf=50, un=0)
[100/220] id=358 -> PREMISE_FALSE_EVERYWHERE (vio=0, hold=0, br=0, pf=50, un=0)
[101/220] id=359 -> PREMISE_FALSE_EVERYWHERE (vio=0, hold=0, br=0, pf=50, un=0)
[102/220] id=360 -> PREMISE_FALSE_EVERYWHERE (vio=0, hold=0, br=0, pf=50, un=0)
[103/220] id=361 -> PREMISE_FALSE_EVERYWHERE (vio=0, hold=0, br=0, pf=50, un=0)
[104/220] id=362 -> PREMISE_FALSE_EVERYWHERE (vio=0, hold=0, br=0, pf=50, un=0)
[105/220] id=363 -> PREMISE_FALSE_EVERYWHERE (vio=0, hold=0, br=0, pf=50, un=0)
[106/220] id=364 -> PREMISE_FALSE_EVERYWHERE (vio=0, hold=0, br=0, pf=50, un=0)
[107/220] id=365 -> PREMISE_FALSE_EVERYWHERE (vio=0, hold=0, br=0, pf=50, un=0)
[108/220] id=367 -> PREMISE_FALSE_EVERYWHERE (vio=0, hold=0, br=0, pf=50, un=0)
[109/220] id=369 -> PREMISE_FALSE_EVERYWHERE (vio=0, hold=0, br=0, pf=50, un=0)
[110/220] id=372 -> PREMISE_FALSE_EVERYWHERE (vio=0, hold=0, br=0, pf=50, un=0)
[111/220] id=373 -> PREMISE_FALSE_EVERYWHERE (vio=0, hold=0, br=0, pf=50, un=0)
[112/220] id=374 -> PREMISE_FALSE_EVERYWHERE (vio=0, hold=0, br=0, pf=50, un=0)
[113/220] id=375 -> PREMISE_FALSE_EVERYWHERE (vio=0, hold=0, br=0, pf=50, un=0)
[114/220] id=376 -> PREMISE_FALSE_EVERYWHERE (vio=0, hold=0, br=0, pf=50, un=0)
[115/220] id=377 -> PREMISE_FALSE_EVERYWHERE (vio=0, hold=0, br=0, pf=50, un=0)
[116/220] id=378 -> PREMISE_FALSE_EVERYWHERE (vio=0, hold=0, br=0, pf=50, un=0)
[117/220] id=379 -> PREMISE_FALSE_EVERYWHERE (vio=0, hold=0, br=0, pf=50, un=0)
[118/220] id=380 -> PREMISE_FALSE_EVERYWHERE (vio=0, hold=0, br=0, pf=50, un=0)
[119/220] id=381 -> PREMISE_FALSE_EVERYWHERE (vio=0, hold=0, br=0, pf=50, un=0)
[120/220] id=382b -> HOLDS (vio=0, hold=50, br=0, pf=0, un=0)
[121/220] id=382c -> HOLDS (vio=0, hold=50, br=0, pf=0, un=0)
[122/220] id=382d -> HOLDS (vio=0, hold=50, br=0, pf=0, un=0)
[123/220] id=382e -> HOLDS (vio=0, hold=50, br=0, pf=0, un=0)
[124/220] id=384b -> HOLDS (vio=0, hold=50, br=0, pf=0, un=0)
[125/220] id=387 -> HOLDS (vio=0, hold=100, br=0, pf=0, un=0)
[126/220] id=389a -> HOLDS (vio=0, hold=100, br=0, pf=0, un=0)
[127/220] id=391 -> HOLDS_PARTIAL (vio=0, hold=48, br=0, pf=0, un=2)
[128/220] id=392b -> HOLDS (vio=0, hold=50, br=0, pf=0, un=0)
[129/220] id=392c -> HOLDS (vio=0, hold=50, br=0, pf=0, un=0)
[130/220] id=392d -> HOLDS (vio=0, hold=50, br=0, pf=0, un=0)
[131/220] id=392e -> HOLDS (vio=0, hold=50, br=0, pf=0, un=0)
[132/220] id=392f -> HOLDS (vio=0, hold=50, br=0, pf=0, un=0)
[133/220] id=393a -> HOLDS (vio=0, hold=50, br=0, pf=0, un=0)
[134/220] id=393b -> HOLDS (vio=0, hold=50, br=0, pf=0, un=0)
[135/220] id=393c -> HOLDS (vio=0, hold=50, br=0, pf=0, un=0)
[136/220] id=393d -> HOLDS (vio=0, hold=50, br=0, pf=0, un=0)
[137/220] id=394 -> HOLDS (vio=0, hold=50, br=0, pf=0, un=0)
[138/220] id=395a -> HOLDS (vio=0, hold=50, br=0, pf=0, un=0)
[139/220] id=395b -> HOLDS_PARTIAL (vio=0, hold=7, br=0, pf=0, un=43)
[140/220] id=396 -> HOLDS (vio=0, hold=50, br=0, pf=0, un=0)
[141/220] id=397c -> HOLDS (vio=0, hold=50, br=0, pf=0, un=0)
[142/220] id=398 -> BRACKET (vio=0, hold=1, br=49, pf=0, un=0)
[143/220] id=399a -> HOLDS (vio=0, hold=50, br=0, pf=0, un=0)
[144/220] id=399b -> HOLDS (vio=0, hold=50, br=0, pf=0, un=0)
[145/220] id=399c -> HOLDS (vio=0, hold=50, br=0, pf=0, un=0)
[146/220] id=40 -> HOLDS_PARTIAL (vio=0, hold=29, br=0, pf=0, un=21)
[147/220] id=400c -> HOLDS (vio=0, hold=50, br=0, pf=0, un=0)
[148/220] id=401a -> HOLDS (vio=0, hold=50, br=0, pf=0, un=0)
[149/220] id=401b -> BRACKET (vio=0, hold=21, br=29, pf=0, un=0)
[150/220] id=402 -> HOLDS (vio=0, hold=50, br=0, pf=0, un=0)
[151/220] id=404 -> VIOLATED_CANDIDATE (vio=47, hold=0, br=0, pf=0, un=3)
[152/220] id=405 -> HOLDS_PARTIAL (vio=0, hold=47, br=0, pf=0, un=3)
[153/220] id=406 -> VIOLATED_CANDIDATE (vio=47, hold=0, br=0, pf=0, un=3)
[154/220] id=407 -> HOLDS_PARTIAL (vio=0, hold=45, br=0, pf=0, un=5)
[155/220] id=410a -> HOLDS_PARTIAL (vio=0, hold=47, br=0, pf=0, un=3)
[156/220] id=410b -> HOLDS_PARTIAL (vio=0, hold=47, br=0, pf=0, un=3)
[157/220] id=412a -> HOLDS_PARTIAL (vio=0, hold=47, br=0, pf=0, un=3)
[158/220] id=412b -> HOLDS_PARTIAL (vio=0, hold=47, br=0, pf=0, un=3)
[159/220] id=412d -> BRACKET (vio=0, hold=0, br=47, pf=0, un=3)
[160/220] id=412e -> BRACKET (vio=0, hold=0, br=47, pf=0, un=3)
[161/220] id=412f -> BRACKET (vio=0, hold=0, br=47, pf=0, un=3)
[162/220] id=413a -> BRACKET (vio=0, hold=41, br=6, pf=0, un=3)
[163/220] id=413b -> HOLDS_PARTIAL (vio=0, hold=47, br=0, pf=0, un=3)
[164/220] id=415a -> HOLDS_PARTIAL (vio=0, hold=47, br=0, pf=0, un=3)
[165/220] id=415b -> HOLDS_PARTIAL (vio=0, hold=47, br=0, pf=0, un=3)
[166/220] id=415c -> HOLDS_PARTIAL (vio=0, hold=47, br=0, pf=0, un=3)
[167/220] id=416 -> HOLDS_PARTIAL (vio=0, hold=47, br=0, pf=0, un=3)
[168/220] id=418b -> UNSUPPORTED (vio=0, hold=0, br=2, pf=0, un=0)
[169/220] id=418c -> UNSUPPORTED (vio=0, hold=0, br=2, pf=0, un=0)
[170/220] id=420b -> HOLDS (vio=0, hold=50, br=0, pf=0, un=0)
[171/220] id=420c -> BRACKET (vio=0, hold=40, br=10, pf=0, un=0)
[172/220] id=421b -> BRACKET (vio=0, hold=46, br=4, pf=0, un=0)
[173/220] id=421c -> BRACKET (vio=0, hold=49, br=1, pf=0, un=0)
[174/220] id=422a -> HOLDS (vio=0, hold=50, br=0, pf=0, un=0)
[175/220] id=422b -> HOLDS_PARTIAL (vio=0, hold=7, br=0, pf=0, un=43)
[176/220] id=422c -> HOLDS (vio=0, hold=50, br=0, pf=0, un=0)
[177/220] id=422d -> BRACKET (vio=0, hold=49, br=1, pf=0, un=0)
[178/220] id=423 -> HOLDS (vio=0, hold=50, br=0, pf=0, un=0)
[179/220] id=425d -> BRACKET (vio=0, hold=42, br=8, pf=0, un=0)
[180/220] id=425e -> BRACKET (vio=0, hold=41, br=9, pf=0, un=0)
[181/220] id=426 -> HOLDS_PARTIAL (vio=0, hold=7, br=0, pf=0, un=43)
[182/220] id=427 -> BRACKET (vio=0, hold=7, br=43, pf=0, un=0)
[183/220] id=430a -> NO_EVALUABLE_READINGS (vio=0, hold=0, br=0, pf=0, un=0)
[184/220] id=430c -> HOLDS (vio=0, hold=50, br=0, pf=0, un=0)
[185/220] id=431a -> BRACKET (vio=0, hold=42, br=8, pf=0, un=0)
[186/220] id=431b -> HOLDS_PARTIAL (vio=0, hold=7, br=0, pf=0, un=43)
[187/220] id=431c -> BRACKET (vio=0, hold=41, br=9, pf=0, un=0)
[188/220] id=432a -> BRACKET (vio=0, hold=35, br=15, pf=0, un=0)
[189/220] id=432b -> HOLDS (vio=0, hold=50, br=0, pf=0, un=0)
[190/220] id=433 -> BRACKET (vio=0, hold=7, br=43, pf=0, un=0)
[191/220] id=434a -> HOLDS (vio=0, hold=50, br=0, pf=0, un=0)
[192/220] id=434a-dup2 -> HOLDS (vio=0, hold=50, br=0, pf=0, un=0)
[193/220] id=434b -> HOLDS (vio=0, hold=50, br=0, pf=0, un=0)
[194/220] id=434c -> HOLDS (vio=0, hold=50, br=0, pf=0, un=0)
[195/220] id=434d -> HOLDS (vio=0, hold=50, br=0, pf=0, un=0)
[196/220] id=434e -> BRACKET (vio=0, hold=41, br=9, pf=0, un=0)
[197/220] id=435 -> HOLDS (vio=0, hold=50, br=0, pf=0, un=0)
[198/220] id=436c -> BRACKET (vio=0, hold=49, br=1, pf=0, un=0)
[199/220] id=438a -> HOLDS (vio=0, hold=50, br=0, pf=0, un=0)
[200/220] id=438b -> HOLDS (vio=0, hold=50, br=0, pf=0, un=0)
[201/220] id=439 -> BRACKET (vio=0, hold=6, br=44, pf=0, un=0)
[202/220] id=442 -> HOLDS (vio=0, hold=50, br=0, pf=0, un=0)
[203/220] id=443 -> BRACKET (vio=0, hold=42, br=1, pf=0, un=7)
[204/220] id=444 -> HOLDS (vio=0, hold=50, br=0, pf=0, un=0)
[205/220] id=446 -> BRACKET (vio=0, hold=6, br=1, pf=0, un=43)
[206/220] id=448a -> BRACKET (vio=0, hold=49, br=1, pf=0, un=0)
[207/220] id=448b -> BRACKET (vio=0, hold=0, br=50, pf=0, un=0)
[208/220] id=449 -> HOLDS (vio=0, hold=50, br=0, pf=0, un=0)
[209/220] id=450 -> NO_EVALUABLE_READINGS (vio=0, hold=0, br=0, pf=0, un=50)
[210/220] id=59 -> HOLDS_PARTIAL (vio=0, hold=30, br=0, pf=0, un=20)
[211/220] id=61 -> HOLDS_PARTIAL (vio=0, hold=36, br=0, pf=0, un=14)
[212/220] id=63 -> VIOLATED_CANDIDATE (vio=6, hold=24, br=0, pf=0, un=20)
[213/220] id=64 -> VIOLATED_CANDIDATE (vio=4, hold=32, br=0, pf=0, un=14)
[214/220] id=65 -> HOLDS_PARTIAL (vio=0, hold=36, br=0, pf=0, un=14)
[215/220] id=66 -> HOLDS_PARTIAL (vio=0, hold=18, br=0, pf=0, un=32)
[216/220] id=72 -> BRACKET (vio=0, hold=99, br=1, pf=0, un=0)
[217/220] id=76 -> BRACKET (vio=0, hold=49, br=1, pf=0, un=0)
[218/220] id=84 -> HOLDS (vio=0, hold=50, br=0, pf=0, un=0)
[219/220] id=85 -> BRACKET (vio=0, hold=49, br=1, pf=0, un=0)
[220/220] id=96 -> HOLDS (vio=0, hold=50, br=0, pf=0, un=0)
done
