=== heads ===
a-file numerators n=0..11 : [1, 1, 3, 26, 323, 2415, 26970, 66526, 717541, 278992987, 30741431, 753069156]
lean_b n=0..8             : [1, 1, 3, 12, 55, 273, 1428, 7752, 43263]
A001764 (prime-exp path)  : [Fraction(1, 1), Fraction(1, 1), Fraction(3, 1), Fraction(12, 1), Fraction(55, 1), Fraction(273, 1), Fraction(1428, 1), Fraction(7752, 1), Fraction(43263, 1)]
=> Lean b equals A001764?  True
A005156 ratios A(n)/A(n-1): [Fraction(2, 1), Fraction(5, 3), Fraction(7, 15), Fraction(11, 140), Fraction(143, 15120), Fraction(221, 249480), Fraction(323, 4756752), Fraction(7429, 1686484800)]
=== LEAN STATEMENT frac n == b(n+1)/b(n), n>=1 ===
  n=1: frac=1  b-ratio=3  equal=False
  n=2: frac=3  b-ratio=4  equal=False
  n=3: frac=26/3  b-ratio=55/12  equal=False
  n=4: frac=323/13  b-ratio=273/55  equal=False
  n=5: frac=2415/34  b-ratio=68/13  equal=False
  n=6: frac=26970/133  b-ratio=38/7  equal=False
=== OEIS-AS-WRITTEN frac n == A005156(n+1)/A005156(n) ===
  n=1: frac=1  A(n+1)/A(n)=5/6  equal=False
  n=2: frac=3  A(n+1)/A(n)=7/25  equal=False
  n=3: frac=26/3  A(n+1)/A(n)=33/196  equal=False
  n=4: frac=323/13  A(n+1)/A(n)=13/108  equal=False
  n=5: frac=2415/34  A(n+1)/A(n)=34/363  equal=False
  n=6: frac=26970/133  A(n+1)/A(n)=285/3718  equal=False
=== CORRECTED frac n == A005156(n)/A005156(n-1) (independent product-formula path) ===
  MISMATCH at n=1
  MISMATCH at n=2
  MISMATCH at n=3
  MISMATCH at n=4
  MISMATCH at n=5
  MISMATCH at n=6
  MISMATCH at n=7
  MISMATCH at n=8
  MISMATCH at n=9
  MISMATCH at n=10
  MISMATCH at n=11
  MISMATCH at n=12
  MISMATCH at n=13
  MISMATCH at n=14
  MISMATCH at n=15
  MISMATCH at n=16
  MISMATCH at n=17
  MISMATCH at n=18
  MISMATCH at n=19
  MISMATCH at n=20
  MISMATCH at n=21
  MISMATCH at n=22
  MISMATCH at n=23
  MISMATCH at n=24
  MISMATCH at n=25
  MISMATCH at n=26
  MISMATCH at n=27
  MISMATCH at n=28
  MISMATCH at n=29
  MISMATCH at n=30
  MISMATCH at n=31
  MISMATCH at n=32
  MISMATCH at n=33
  MISMATCH at n=34
  MISMATCH at n=35
  MISMATCH at n=36
  MISMATCH at n=37
  MISMATCH at n=38
  MISMATCH at n=39
Traceback (most recent call last):
  File "/Users/kuber.mehta/Personal-Projects/c5-k4/results/expansion/oeis4_20260826/scripts/a109074_identity.py", line 134, in <module>
    if frac(n) != r[n]/r[n-1]:
                  ~^^^
KeyError: 40
